\BOOKMARK [1][-]{section.1}{\376\377\000M\000a\000r\000c\000o\000\040\000T\000e\000\363\000r\000i\000c\000o\000\040\000y\000\040\000C\000r\000i\000t\000e\000r\000i\000o\000s\000\040\000d\000e\000\040\000A\000n\000\341\000l\000i\000s\000i\000s}{}% 1
\BOOKMARK [1][-]{section.2}{\376\377\000A\000n\000\341\000l\000i\000s\000i\000s\000\040\000y\000\040\000R\000e\000s\000o\000l\000u\000c\000i\000\363\000n\000\040\000d\000e\000\040\000l\000a\000s\000\040\000T\000a\000r\000e\000a\000s}{}% 2
\BOOKMARK [2][-]{subsection.2.1}{\376\377\000T\000a\000r\000e\000a\000\040\0001}{section.2}% 3
\BOOKMARK [3][-]{subsubsection.2.1.1}{\376\377\000E\000n\000u\000n\000c\000i\000a\000d\000o\000\040\000y\000\040\000D\000e\000s\000a\000r\000r\000o\000l\000l\000o\000\040\000M\000a\000t\000e\000m\000\341\000t\000i\000c\000o}{subsection.2.1}% 4
\BOOKMARK [3][-]{subsubsection.2.1.2}{\376\377\000A\000n\000\341\000l\000i\000s\000i\000s\000\040\000d\000e\000s\000d\000e\000\040\000P\000o\000n\000t\000e\000\040\000\050\0002\0000\0000\0005\000\051}{subsection.2.1}% 5
\BOOKMARK [3][-]{subsubsection.2.1.3}{\376\377\000A\000n\000\341\000l\000i\000s\000i\000s\000\040\000d\000e\000s\000d\000e\000\040\000S\000k\000o\000v\000s\000m\000o\000s\000e\000\040\000\050\0002\0000\0000\0000\000\051}{subsection.2.1}% 6
\BOOKMARK [3][-]{subsubsection.2.1.4}{\376\377\000D\000i\000s\000e\000\361\000o\000\040\000C\000u\000r\000r\000i\000c\000u\000l\000a\000r\000\040\000d\000e\000\040\000l\000a\000\040\000P\000r\000o\000v\000i\000n\000c\000i\000a\000\040\000d\000e\000\040\000C\000\363\000r\000d\000o\000b\000a}{subsection.2.1}% 7
\BOOKMARK [2][-]{subsection.2.2}{\376\377\000T\000a\000r\000e\000a\000\040\0002}{section.2}% 8
\BOOKMARK [3][-]{subsubsection.2.2.1}{\376\377\000E\000n\000u\000n\000c\000i\000a\000d\000o\000\040\000y\000\040\000D\000e\000s\000a\000r\000r\000o\000l\000l\000o\000\040\000M\000a\000t\000e\000m\000\341\000t\000i\000c\000o}{subsection.2.2}% 9
\BOOKMARK [3][-]{subsubsection.2.2.2}{\376\377\000A\000n\000\341\000l\000i\000s\000i\000s\000\040\000d\000e\000s\000d\000e\000\040\000P\000o\000n\000t\000e\000\040\000\050\0002\0000\0000\0005\000\051}{subsection.2.2}% 10
\BOOKMARK [3][-]{subsubsection.2.2.3}{\376\377\000A\000n\000\341\000l\000i\000s\000i\000s\000\040\000d\000e\000s\000d\000e\000\040\000S\000k\000o\000v\000s\000m\000o\000s\000e\000\040\000\050\0002\0000\0000\0000\000\051}{subsection.2.2}% 11
\BOOKMARK [3][-]{subsubsection.2.2.4}{\376\377\000D\000i\000s\000e\000\361\000o\000\040\000C\000u\000r\000r\000i\000c\000u\000l\000a\000r\000\040\000d\000e\000\040\000l\000a\000\040\000P\000r\000o\000v\000i\000n\000c\000i\000a\000\040\000d\000e\000\040\000C\000\363\000r\000d\000o\000b\000a}{subsection.2.2}% 12
\BOOKMARK [2][-]{subsection.2.3}{\376\377\000T\000a\000r\000e\000a\000\040\0003}{section.2}% 13
\BOOKMARK [3][-]{subsubsection.2.3.1}{\376\377\000E\000n\000u\000n\000c\000i\000a\000d\000o\000\040\000y\000\040\000D\000e\000s\000a\000r\000r\000o\000l\000l\000o\000\040\000M\000a\000t\000e\000m\000\341\000t\000i\000c\000o}{subsection.2.3}% 14
\BOOKMARK [3][-]{subsubsection.2.3.2}{\376\377\000A\000n\000\341\000l\000i\000s\000i\000s\000\040\000d\000e\000s\000d\000e\000\040\000P\000o\000n\000t\000e\000\040\000\050\0002\0000\0000\0005\000\051}{subsection.2.3}% 15
\BOOKMARK [3][-]{subsubsection.2.3.3}{\376\377\000A\000n\000\341\000l\000i\000s\000i\000s\000\040\000d\000e\000s\000d\000e\000\040\000S\000k\000o\000v\000s\000m\000o\000s\000e\000\040\000\050\0002\0000\0000\0000\000\051}{subsection.2.3}% 16
\BOOKMARK [3][-]{subsubsection.2.3.4}{\376\377\000D\000i\000s\000e\000\361\000o\000\040\000C\000u\000r\000r\000i\000c\000u\000l\000a\000r\000\040\000d\000e\000\040\000l\000a\000\040\000P\000r\000o\000v\000i\000n\000c\000i\000a\000\040\000d\000e\000\040\000C\000\363\000r\000d\000o\000b\000a}{subsection.2.3}% 17
\BOOKMARK [2][-]{subsection.2.4}{\376\377\000T\000a\000r\000e\000a\000\040\0004}{section.2}% 18
\BOOKMARK [3][-]{subsubsection.2.4.1}{\376\377\000E\000n\000u\000n\000c\000i\000a\000d\000o\000\040\000y\000\040\000D\000e\000s\000a\000r\000r\000o\000l\000l\000o\000\040\000M\000a\000t\000e\000m\000\341\000t\000i\000c\000o}{subsection.2.4}% 19
\BOOKMARK [3][-]{subsubsection.2.4.2}{\376\377\000A\000n\000\341\000l\000i\000s\000i\000s\000\040\000d\000e\000s\000d\000e\000\040\000P\000o\000n\000t\000e\000\040\000\050\0002\0000\0000\0005\000\051}{subsection.2.4}% 20
\BOOKMARK [3][-]{subsubsection.2.4.3}{\376\377\000A\000n\000\341\000l\000i\000s\000i\000s\000\040\000d\000e\000s\000d\000e\000\040\000S\000k\000o\000v\000s\000m\000o\000s\000e\000\040\000\050\0002\0000\0000\0000\000\051}{subsection.2.4}% 21
\BOOKMARK [3][-]{subsubsection.2.4.4}{\376\377\000D\000i\000s\000e\000\361\000o\000\040\000C\000u\000r\000r\000i\000c\000u\000l\000a\000r\000\040\000d\000e\000\040\000l\000a\000\040\000P\000r\000o\000v\000i\000n\000c\000i\000a\000\040\000d\000e\000\040\000C\000\363\000r\000d\000o\000b\000a}{subsection.2.4}% 22
\BOOKMARK [2][-]{subsection.2.5}{\376\377\000T\000a\000r\000e\000a\000\040\0005}{section.2}% 23
\BOOKMARK [3][-]{subsubsection.2.5.1}{\376\377\000E\000n\000u\000n\000c\000i\000a\000d\000o\000\040\000y\000\040\000D\000e\000s\000a\000r\000r\000o\000l\000l\000o\000\040\000M\000a\000t\000e\000m\000\341\000t\000i\000c\000o}{subsection.2.5}% 24
\BOOKMARK [3][-]{subsubsection.2.5.2}{\376\377\000A\000n\000\341\000l\000i\000s\000i\000s\000\040\000d\000e\000s\000d\000e\000\040\000P\000o\000n\000t\000e\000\040\000\050\0002\0000\0000\0005\000\051}{subsection.2.5}% 25
\BOOKMARK [3][-]{subsubsection.2.5.3}{\376\377\000A\000n\000\341\000l\000i\000s\000i\000s\000\040\000d\000e\000s\000d\000e\000\040\000S\000k\000o\000v\000s\000m\000o\000s\000e\000\040\000\050\0002\0000\0000\0000\000\051}{subsection.2.5}% 26
\BOOKMARK [3][-]{subsubsection.2.5.4}{\376\377\000D\000i\000s\000e\000\361\000o\000\040\000C\000u\000r\000r\000i\000c\000u\000l\000a\000r\000\040\000d\000e\000\040\000l\000a\000\040\000P\000r\000o\000v\000i\000n\000c\000i\000a\000\040\000d\000e\000\040\000C\000\363\000r\000d\000o\000b\000a}{subsection.2.5}% 27
\BOOKMARK [2][-]{subsection.2.6}{\376\377\000T\000a\000r\000e\000a\000\040\0006}{section.2}% 28
\BOOKMARK [3][-]{subsubsection.2.6.1}{\376\377\000E\000n\000u\000n\000c\000i\000a\000d\000o\000\040\000y\000\040\000D\000e\000s\000a\000r\000r\000o\000l\000l\000o\000\040\000M\000a\000t\000e\000m\000\341\000t\000i\000c\000o}{subsection.2.6}% 29
\BOOKMARK [3][-]{subsubsection.2.6.2}{\376\377\000A\000n\000\341\000l\000i\000s\000i\000s\000\040\000d\000e\000s\000d\000e\000\040\000P\000o\000n\000t\000e\000\040\000\050\0002\0000\0000\0005\000\051}{subsection.2.6}% 30
\BOOKMARK [3][-]{subsubsection.2.6.3}{\376\377\000A\000n\000\341\000l\000i\000s\000i\000s\000\040\000d\000e\000s\000d\000e\000\040\000S\000k\000o\000v\000s\000m\000o\000s\000e\000\040\000\050\0002\0000\0000\0000\000\051}{subsection.2.6}% 31
\BOOKMARK [3][-]{subsubsection.2.6.4}{\376\377\000D\000i\000s\000e\000\361\000o\000\040\000C\000u\000r\000r\000i\000c\000u\000l\000a\000r\000\040\000d\000e\000\040\000l\000a\000\040\000P\000r\000o\000v\000i\000n\000c\000i\000a\000\040\000d\000e\000\040\000C\000\363\000r\000d\000o\000b\000a}{subsection.2.6}% 32
\BOOKMARK [2][-]{subsection.2.7}{\376\377\000T\000a\000r\000e\000a\000\040\0008}{section.2}% 33
\BOOKMARK [3][-]{subsubsection.2.7.1}{\376\377\000E\000n\000u\000n\000c\000i\000a\000d\000o\000\040\000y\000\040\000D\000e\000s\000a\000r\000r\000o\000l\000l\000o\000\040\000M\000a\000t\000e\000m\000\341\000t\000i\000c\000o}{subsection.2.7}% 34
\BOOKMARK [3][-]{subsubsection.2.7.2}{\376\377\000A\000n\000\341\000l\000i\000s\000i\000s\000\040\000d\000e\000s\000d\000e\000\040\000P\000o\000n\000t\000e\000\040\000\050\0002\0000\0000\0005\000\051}{subsection.2.7}% 35
\BOOKMARK [3][-]{subsubsection.2.7.3}{\376\377\000A\000n\000\341\000l\000i\000s\000i\000s\000\040\000d\000e\000s\000d\000e\000\040\000S\000k\000o\000v\000s\000m\000o\000s\000e\000\040\000\050\0002\0000\0000\0000\000\051}{subsection.2.7}% 36
\BOOKMARK [3][-]{subsubsection.2.7.4}{\376\377\000D\000i\000s\000e\000\361\000o\000\040\000C\000u\000r\000r\000i\000c\000u\000l\000a\000r\000\040\000d\000e\000\040\000l\000a\000\040\000P\000r\000o\000v\000i\000n\000c\000i\000a\000\040\000d\000e\000\040\000C\000\363\000r\000d\000o\000b\000a}{subsection.2.7}% 37
\BOOKMARK [2][-]{subsection.2.8}{\376\377\000T\000a\000r\000e\000a\000\040\0009}{section.2}% 38
\BOOKMARK [3][-]{subsubsection.2.8.1}{\376\377\000E\000n\000u\000n\000c\000i\000a\000d\000o\000\040\000y\000\040\000D\000e\000s\000a\000r\000r\000o\000l\000l\000o\000\040\000M\000a\000t\000e\000m\000\341\000t\000i\000c\000o}{subsection.2.8}% 39
\BOOKMARK [3][-]{subsubsection.2.8.2}{\376\377\000A\000n\000\341\000l\000i\000s\000i\000s\000\040\000d\000e\000s\000d\000e\000\040\000P\000o\000n\000t\000e\000\040\000\050\0002\0000\0000\0005\000\051}{subsection.2.8}% 40
\BOOKMARK [3][-]{subsubsection.2.8.3}{\376\377\000A\000n\000\341\000l\000i\000s\000i\000s\000\040\000d\000e\000s\000d\000e\000\040\000S\000k\000o\000v\000s\000m\000o\000s\000e\000\040\000\050\0002\0000\0000\0000\000\051}{subsection.2.8}% 41
\BOOKMARK [3][-]{subsubsection.2.8.4}{\376\377\000D\000i\000s\000e\000\361\000o\000\040\000C\000u\000r\000r\000i\000c\000u\000l\000a\000r\000\040\000d\000e\000\040\000l\000a\000\040\000P\000r\000o\000v\000i\000n\000c\000i\000a\000\040\000d\000e\000\040\000C\000\363\000r\000d\000o\000b\000a}{subsection.2.8}% 42
